ip access-list standard 5
Standard IP access list 5
permit 192.168.1.2 log
deny   any log