This is an example file

ip domain name example.coom
no ip domain lookup
archive
 log config
 logging enable
 hidekeys
 path flash:/archived_configs
 path bootflash:/archived_configs

ip http server
ip http secure-server 
ip http tls-version TLSv1.2 
ip http secure-active-session-modules none 
ip http active-session-modules none 
ip http max-connections 2 
ip http timeout-policy idle 300 life 800 requests 80

ip access-list extended COPP-DENY-ACL
10 permit icmp any any fragments
20 permit udp any any fragments
30 permit tcp any any fragments
40 permit ip any any fragments
ip access-list extended COPP-GENERAL-ACL
10 permit ip any any
ip access-list extended COPP-ICMP-ACL
10 permit icmp any any echo
20 permit icmp any any echo-reply
30 permit icmp any any ttl-exceeded
40 permit icmp any any packet-too-big
50 permit icmp any any port-unreachable
60 permit icmp any any unreachable
ip access-list extended COPP-MGMT-ACL
10 permit tcp any any eq 22
20 permit tcp any eq 22 any established
30 permit udp any any eq syslog
40 permit udp any eq domain any
50 permit udp any eq ntp any
60 permit udp any any eq snmp
70 permit tcp any any eq tacacs
ip access-list extended COPP-ROUTING-ACL
10 permit tcp any any eq bgp
20 permit eigrp any any
30 permit pim any any
40 permit igmp any any
50 permit gre any any
60 permit udp any any eq non500-isakmp
70 permit udp any any eq isakmp
80 permit udp any any eq pim-auto-rp
class-map match-all COPP-GENERAL-CLASS
 match access-group name COPP-GENERAL-ACL
class-map match-all COPP-ROUTING-CLASS
 match access-group name COPP-ROUTING-ACL
class-map match-all COPP-MGMT-CLASS
 match access-group name COPP-MGMT-ACL
class-map match-all COPP-DENY-CLASS
 match access-group name COPP-DENY-ACL
class-map match-all COPP-ICMP-CLASS
 match access-group name COPP-ICMP-ACL
policy-map system-copp-policy
 class COPP-ICMP-CLASS
  police cir 40000000 bc 40000000 be 40000000
   conform-action transmit
   exceed-action transmit
   violate-action transmit
 class COPP-MGMT-CLASS
  police cir 100000000 bc 100000000 be 100000000
   conform-action transmit
   exceed-action transmit
   violate-action transmit
 class COPP-ROUTING-CLASS
  police cir 100000000 bc 100000000 be 100000000
   conform-action transmit
   exceed-action transmit
   violate-action transmit
 class COPP-GENERAL-CLASS
  police cir 1000000000 bc 100000000 be 100000000
   conform-action transmit
   exceed-action transmit
   violate-action transmit
 class COPP-DENY-CLASS
  police cir 10000 bc 10000 be 10000
   conform-action drop
   exceed-action drop
   violate-action drop
 control-plane
  Service-policy input system-copp-policy
 exec-timeout 5 0
 transport input ssh
 access-class 5 in
 exec-timeout 5 0
 transport input ssh
 access-class 5 in


logging userinfo
logging buffered 100000 informational
logging facility local6
login on-failure log
login on-success log
no logging console
no logging monitor
logging discriminator CHGNTFY severity includes 5 facility includes SYS mnemonics includes RELOAD|RESTART|CONFIG

vtp domain NULL
vtp mode off

aaa authentication login default group tacplus local
aaa authentication enable default group tacplus enable
aaa authentication dot1x default group radius
aaa authorization console
aaa authorization config-commands
aaa authorization exec default group tacplus if-authenticated 
aaa authorization commands 0 default group tacplus if-authenticated 
aaa authorization commands 15 default group tacplus if-authenticated 
aaa authorization network default group radius 
aaa accounting update newinfo
aaa accounting exec default start-stop group tacplus
aaa accounting commands 0 default stop-only group tacplus
aaa accounting commands 15 default start-stop group tacplus
aaa accounting connection default start-stop group tacplus
aaa accounting system default start-stop group tacplus
aaa common-criteria policy THIS_POLICY
 min-length 15
 max-length 127
 numeric-count 1
 upper-case 1
 lower-case 1
 special-case 1
 char-changes 8

Authentication Publickey Algorithms:ssh-rsa,ecdsa-sha2-nistp256,ecdsa-sha2-nistp384,ecdsa-sha2-nistp521,ssh-ed25519,x509v3-ecdsa-sha2-nistp256,x509v3-ecdsa-sha2-nistp384,x509v3-ecdsa-sha2-nistp521,rsa-sha2-256,rsa-sha2-512,x509v3-rsa2048-sha256
Hostkey Algorithms:rsa-sha2-512,rsa-sha2-256,ssh-rsa
Encryption Algorithms:aes256-ctr
MAC Algorithms:hmac-sha2-512,hmac-sha2-256
KEX Algorithms:diffie-hellman-group16-sha512
Authentication timeout: 10 secs; Authentication retries: 2
Minimum expected Diffie Hellman key size : 4096 bits
Modulus Size : 2048 bits

service password-encryption
service sequence-numbers
service tcp-keepalives-in
service tcp-keepalives-out
service timestamps debug datetime msec show-timezone
service timestamps log datetime msec show-timezone


